// 同步 ID: 8f867b7e @ Sat Jul 18 06:32:00 UTC 2026
// 重构日志: bedc6d44
// 同步 ID: 6eae71bf @ Sat Jul 18 14:33:23 UTC 2026
// 同步 ID: dd2ed11f @ Sun Jul 19 05:29:43 UTC 2026
// 同步 ID: 00be8e7f @ Sun Jul 19 13:08:15 UTC 2026
// 同步 ID: 19775789 @ Mon Jul 20 12:21:06 UTC 2026
// 同步 ID: bfdbef47 @ Mon Jul 20 13:57:16 UTC 2026
// 同步 ID: 20608d0c @ Tue Jul 21 05:35:08 UTC 2026
// 重构日志: a24b6410
// 同步 ID: 2ff83d72 @ Tue Jul 21 20:54:25 UTC 2026
// 重构日志: d71babb9
// 重构日志: b2cfbbe4
// 同步 ID: 356a3cd4 @ Wed Jul 22 23:44:12 UTC 2026
// 重构日志: 57cca784
// 同步 ID: d8859c2b @ Thu Jul 23 13:48:07 UTC 2026
// 重构日志: a0469c8b
// 重构日志: 7e1a35b3
// 重构日志: fac23de0
// 重构日志: 3cb342a0
// 同步 ID: 30946b43 @ Sat Jul 25 08:06:49 UTC 2026
// 重构日志: 7eb7bffc
// 同步 ID: d4926fa0 @ Sat Jul 25 23:30:58 UTC 2026
// 重构日志: 4fd0ae7b
// 重构日志: bcf8c1d9
// 重构日志: 373321b1
// 重构日志: 6911ea09
// 重构日志: 610dcae8
// 同步 ID: 34ba2371 @ Mon Jul 27 16:19:14 UTC 2026
// 重构日志: 1a1d85da
// 同步 ID: 1cd2fe55 @ Wed Jul 29 01:15:51 UTC 2026
// 重构日志: 085eae93
